  Determining projects to restore...
  All projects are up-to-date for restore.
  SmartKasir.Core -> D:\Vicky\project baru\aplikasi SmartKasir\SmartKasir.Core\bin\Debug\net10.0\SmartKasir.Core.dll
  SmartKasir.Shared -> D:\Vicky\project baru\aplikasi SmartKasir\SmartKasir.Shared\bin\Debug\net10.0\SmartKasir.Shared.dll
  SmartKasir.Application -> D:\Vicky\project baru\aplikasi SmartKasir\SmartKasir.Application\bin\Debug\net10.0\SmartKasir.Application.dll
  SmartKasir.Infrastructure -> D:\Vicky\project baru\aplikasi SmartKasir\SmartKasir.Infrastructure\bin\Debug\net10.0\SmartKasir.Infrastructure.dll
D:\Vicky\project baru\aplikasi SmartKasir\SmartKasir.Tests\Properties\SyncPropertyTests.cs(6,22): error CS0234: The type or namespace name 'Prop' does not exist in the namespace 'FsCheck' (are you missing an assembly reference?) [D:\Vicky\project baru\aplikasi SmartKasir\SmartKasir.Tests\SmartKasir.Tests.csproj]
